[slimgota.com/slimgotaoficial/index00e2.html]
[backblue.gif]
[fade.gif]
[index.html]
[liftdetoxcaps.com/wp-content/themes/hello-elementor/style.minb12b.css]
[liftdetoxcaps.com/wp-content/themes/hello-elementor/theme.minb12b.css]
[liftdetoxcaps.com/wp-content/themes/hello-elementor/header-footer.minb12b.css]
[liftdetoxcaps.com/wp-content/plugins/elementor/assets/lib/eicons/css/elementor-icons.mine94d.css]
[liftdetoxcaps.com/wp-content/plugins/elementor/assets/css/frontend-lite.mind5d5.css]
[liftdetoxcaps.com/wp-content/uploads/2024/07/BG-Slim-Gota-Black-Desktop-.jpg]
[liftdetoxcaps.com/wp-content/plugins/elementor/assets/lib/swiper/v8/css/swiper.min94a4.css]
[liftdetoxcaps.com/wp-content/plugins/pro-elements/assets/css/frontend-lite.min28fc.css]
[liftdetoxcaps.com/wp-content/plugins/elementor/assets/lib/font-awesome/css/all.mind5d5.css]
[liftdetoxcaps.com/wp-content/plugins/elementor/assets/lib/font-awesome/css/v4-shims.mind5d5.css]
[liftdetoxcaps.com/wp-content/plugins/elementor/assets/lib/font-awesome/css/fontawesome.min52d5.css]
[liftdetoxcaps.com/wp-content/plugins/elementor/assets/lib/font-awesome/css/solid.min52d5.css]
[liftdetoxcaps.com/wp-includes/js/jquery/jquery.minf43b.js]
[liftdetoxcaps.com/wp-includes/js/jquery/jquery-migrate.min5589.js]
[liftdetoxcaps.com/wp-content/plugins/elementor/assets/lib/font-awesome/js/v4-shims.mind5d5.js]
[liftdetoxcaps.com/wp-content/uploads/2023/04/Logotipo-Lift-Detox-Black-1-150x150.png]
[liftdetoxcaps.com/wp-content/uploads/2023/04/Logotipo-Lift-Detox-Black-1-300x300.png]
[connect.facebook.net/en_US/fbevents.js]
[liftdetoxcaps.com/wp-content/uploads/2024/07/Slim-Black-Thumb-1.png]
[liftdetoxcaps.com/wp-content/plugins/elementor/assets/css/widget-icon-list.min.css]
[liftdetoxcaps.com/wp-content/uploads/2024/07/Slim-Gota-Laranja-1-1.png]
[liftdetoxcaps.com/wp-content/uploads/2024/07/Group-1840-1.png]
[liftdetoxcaps.com/wp-content/uploads/2022/08/icon4-1.png]
[liftdetoxcaps.com/wp-content/uploads/2022/08/icon2-1.png]
[liftdetoxcaps.com/wp-content/uploads/2022/08/icon3-1.png]
[liftdetoxcaps.com/wp-content/uploads/2022/08/Icon-4.png]
[liftdetoxcaps.com/wp-content/uploads/2024/07/Group-1763-1.png]
[liftdetoxcaps.com/wp-content/uploads/2024/07/Group-1765-1.png]
[liftdetoxcaps.com/wp-content/uploads/2024/07/Group-1764-1.png]
[liftdetoxcaps.com/wp-content/uploads/2024/07/001-10-1.png]
[liftdetoxcaps.com/wp-content/uploads/2024/07/003-2-1.png]
[liftdetoxcaps.com/wp-content/uploads/2024/07/002-2-1.png]
[liftdetoxcaps.com/wp-content/uploads/2024/07/004-1-1.png]
[liftdetoxcaps.com/wp-content/uploads/2024/07/005-1-1-1.png]
[liftdetoxcaps.com/wp-content/uploads/2024/01/Pino-1.png]
[liftdetoxcaps.com/wp-content/uploads/2024/07/Thumbnail-Dra-Slim-1.jpg]
[liftdetoxcaps.com/wp-content/uploads/2024/07/Thumbnail-Fabricacao-Slim-1.png]
[liftdetoxcaps.com/wp-content/uploads/2024/07/Compre-1-Slim-Gota-2-1-559x1024.png]
[liftdetoxcaps.com/wp-content/uploads/2024/07/Compre-2-Leve-3-Slim-Gota-1-1-560x1024.png]
[liftdetoxcaps.com/wp-content/uploads/2024/07/Compre-3-Leve-5-Slim-Gota-4-1-560x1024.png]
[liftdetoxcaps.com/wp-content/uploads/2024/07/Compre-5-Leve-8-Slim-Gota-2-1-559x1024.png]
[liftdetoxcaps.com/wp-content/uploads/2022/07/Como-Comprar-Checkout_2-1.gif]
[liftdetoxcaps.com/wp-content/uploads/2024/07/Garantia-Slim-Gota-Black.png]
[liftdetoxcaps.com/wp-includes/js/mediaelement/mediaelementplayer-legacy.min1f61.css]
[liftdetoxcaps.com/wp-includes/js/mediaelement/wp-mediaelement.mind0c4.css]
[liftdetoxcaps.com/wp-includes/js/dist/hooks.min2757.js]
[liftdetoxcaps.com/wp-includes/js/dist/i18n.minc33c.js]
[liftdetoxcaps.com/wp-content/plugins/presto-player/src/player/player-static9dae.js]
[liftdetoxcaps.com/wp-content/themes/hello-elementor/assets/js/hello-frontend.minb12b.js]
[liftdetoxcaps.com/wp-includes/js/mediaelement/mediaelement-and-player.min1f61.js]
[liftdetoxcaps.com/wp-includes/js/mediaelement/mediaelement-migrate.mind0c4.js]
[liftdetoxcaps.com/wp-includes/js/mediaelement/wp-mediaelement.mind0c4.js]
[liftdetoxcaps.com/wp-content/plugins/pro-elements/assets/js/webpack-pro.runtime.min28fc.js]
[liftdetoxcaps.com/wp-content/plugins/elementor/assets/js/webpack.runtime.mind5d5.js]
[liftdetoxcaps.com/wp-content/plugins/elementor/assets/js/frontend-modules.mind5d5.js]
[liftdetoxcaps.com/wp-content/plugins/pro-elements/assets/js/frontend.min28fc.js]
[liftdetoxcaps.com/wp-content/plugins/elementor/assets/lib/waypoints/waypoints.min05da.js]
[liftdetoxcaps.com/wp-includes/js/jquery/ui/core.minb37e.js]
[liftdetoxcaps.com/wp-content/plugins/elementor/assets/js/frontend.mind5d5.js]
[slimgota.com/slimgotaoficial/index00e2.html]
[www.googletagmanager.com/gtm5445.html]
[liftdetoxcaps.com/wp-content/themes/hello-elementor/style.minb12b.css]
[liftdetoxcaps.com/wp-content/themes/hello-elementor/theme.minb12b.css]
[liftdetoxcaps.com/wp-content/themes/hello-elementor/header-footer.minb12b.css]
[liftdetoxcaps.com/wp-content/plugins/elementor/assets/lib/eicons/css/elementor-icons.mine94d.css]
[liftdetoxcaps.com/wp-content/plugins/elementor/assets/css/frontend-lite.mind5d5.css]
[liftdetoxcaps.com/wp-content/plugins/elementor/assets/lib/swiper/v8/css/swiper.min94a4.css]
[liftdetoxcaps.com/wp-content/plugins/pro-elements/assets/css/frontend-lite.min28fc.css]
[liftdetoxcaps.com/wp-content/plugins/elementor/assets/lib/font-awesome/css/all.mind5d5.css]
[liftdetoxcaps.com/wp-content/plugins/elementor/assets/lib/font-awesome/css/v4-shims.mind5d5.css]
[liftdetoxcaps.com/wp-content/plugins/elementor/assets/lib/font-awesome/css/fontawesome.min52d5.css]
[liftdetoxcaps.com/wp-content/plugins/elementor/assets/lib/font-awesome/css/solid.min52d5.css]
[liftdetoxcaps.com/wp-includes/js/jquery/jquery.minf43b.js]
[liftdetoxcaps.com/wp-includes/js/jquery/jquery-migrate.min5589.js]
[liftdetoxcaps.com/wp-content/plugins/elementor/assets/lib/font-awesome/js/v4-shims.mind5d5.js]
[liftdetoxcaps.com/wp-content/plugins/pro-elements/assets/js/elements-handlers.min28fc.js]
[slimgota.com/slimgotaoficial/Trident/index.html]
[slimgota.com/slimgotaoficial/a.3d.delayed]
[slimgota.com/slimgotaoficial/POST]
[slimgota.com/slimgotaoficial/b.resolvedLink]
[slimgota.com/slimgotaoficial/schema.org/index.html]
[slimgota.com/signals/iwl.js]
[connect.facebook.net/en_US/fbevents.js]
[liftdetoxcaps.com/wp-content/plugins/elementor/assets/css/widget-icon-list.min.css]
[liftdetoxcaps.com/wp-includes/js/mediaelement/mediaelementplayer-legacy.min1f61.css]
[liftdetoxcaps.com/wp-includes/js/mediaelement/wp-mediaelement.mind0c4.css]
[liftdetoxcaps.com/wp-includes/js/dist/hooks.min2757.js]
[liftdetoxcaps.com/wp-includes/js/dist/i18n.minc33c.js]
[liftdetoxcaps.com/wp-content/plugins/presto-player/src/player/player-static9dae.js]
[liftdetoxcaps.com/wp-content/themes/hello-elementor/assets/js/hello-frontend.minb12b.js]
[liftdetoxcaps.com/wp-includes/js/mediaelement/mejs-controls.svg]
[slimgota.com/slimgotaoficial/GET]
[liftdetoxcaps.com/wp-includes/js/mediaelement/mediaelement-and-player.min1f61.js]
[liftdetoxcaps.com/wp-includes/js/mediaelement/mediaelement-migrate.mind0c4.js]
[liftdetoxcaps.com/wp-includes/js/mediaelement/wp-mediaelement.mind0c4.js]
[liftdetoxcaps.com/wp-content/plugins/pro-elements/assets/js/webpack-pro.runtime.min28fc.js]
[liftdetoxcaps.com/wp-content/plugins/elementor/assets/js/webpack.runtime.mind5d5.js]
[liftdetoxcaps.com/wp-content/plugins/elementor/assets/js/frontend-modules.mind5d5.js]
[liftdetoxcaps.com/wp-content/plugins/pro-elements/assets/js/frontend.min28fc.js]
[liftdetoxcaps.com/wp-content/plugins/elementor/assets/lib/waypoints/waypoints.min05da.js]
[liftdetoxcaps.com/wp-includes/js/jquery/ui/core.minb37e.js]
[slimgota.com/slimgotaoficial/-negative.svg]
[liftdetoxcaps.com/wp-content/plugins/elementor/assets/js/frontend.mind5d5.js]
[slimgota.com/slimgotaoficial/OPR/index.html]
[slimgota.com/slimgotaoficial/window.location.href]
[liftdetoxcaps.com/wp-content/plugins/pro-elements/assets/js/elements-handlers.min28fc.js]
[slimgota.com/slimgotaoficial/Trident/index.html]
[slimgota.com/slimgotaoficial/a.html]
[slimgota.com/slimgotaoficial/POST.html]
[slimgota.com/slimgotaoficial/schema.org/index.html]
[slimgota.com/slimgotaoficial/b.html]
[slimgota.com/signals/iwl.html]
[liftdetoxcaps.com/wp-includes/js/mediaelement/mejs-controls.svg]
[slimgota.com/slimgotaoficial/GET.html]
[slimgota.com/slimgotaoficial/-negative.html]
[slimgota.com/slimgotaoficial/OPR/index.html]
[slimgota.com/slimgotaoficial/window.location.html]
