[sitesdanet.shop/slimgota1/indexa86a.html]
[backblue.gif]
[fade.gif]
[index.html]
[sitesdanet.shop/wp-content/plugins/burst-statistics/helpers/timeme/timeme.min4735.js]
[sitesdanet.shop/wp-content/plugins/burst-statistics/assets/js/build/burst.min4735.js]
[sitesdanet.shop/wp-content/plugins/wp-plugin-hostgator/vendor/newfold-labs/wp-module-patterns/assets/build/utilities8066.js]
[sitesdanet.shop/wp-content/uploads/2024/09/image-removebg-preview-2024-09-03T094620.019.png]
[sitesdanet.shop/slimgota1/index.html]
[sitesdanet.shop/wp-content/uploads/2024/07/scrnli_16_07_2024_14-48-07.png]
[sitesdanet.shop/wp-content/uploads/2024/07/scrnli_16_07_2024_14-48-28.png]
[sitesdanet.shop/wp-content/uploads/2024/07/scrnli_16_07_2024_14-49-00.png]
[sitesdanet.shop/wp-content/uploads/2024/07/scrnli_16_07_2024_14-49-23.png]
[sitesdanet.shop/wp-content/uploads/2024/07/scrnli_16_07_2024_15-11-30.png]
[sitesdanet.shop/wp-content/uploads/2024/07/scrnli_16_07_2024_15-33-22.png]
[sitesdanet.shop/wp-content/plugins/super-links/assets/js/automatic-linksd252.js]
[sitesdanet.shop/wp-content/plugins/elementor/assets/js/webpack.runtime.min81e1.js]
[sitesdanet.shop/wp-includes/js/jquery/jquery.minf43b.js]
[sitesdanet.shop/wp-includes/js/jquery/jquery-migrate.min5589.js]
[sitesdanet.shop/wp-content/plugins/elementor/assets/js/frontend-modules.min81e1.js]
[sitesdanet.shop/wp-includes/js/jquery/ui/core.minb37e.js]
[sitesdanet.shop/wp-content/plugins/elementor/assets/js/frontend.min81e1.js]
[sitesdanet.shop/slimgota1/indexa86a.html]
[sitesdanet.shop/wp-content/plugins/wp-plugin-hostgator/vendor/newfold-labs/wp-module-patterns/assets/build/utilities8066.css]
[sitesdanet.shop/wp-content/plugins/complianz-gdpr/assets/css/cookieblocker.min5964.css]
[sitesdanet.shop/wp-content/plugins/elementor/assets/css/frontend.min81e1.css]
[sitesdanet.shop/wp-content/plugins/elementor/assets/lib/swiper/v8/css/swiper.min94a4.css]
[sitesdanet.shop/wp-content/plugins/elementor/assets/css/conditionals/e-swiper.min81e1.css]
[sitesdanet.shop/wp-content/uploads/elementor/css/post-75af7.css]
[sitesdanet.shop/wp-content/uploads/elementor/css/global0e37.css]
[sitesdanet.shop/wp-content/plugins/elementor/assets/lib/animations/animations.min81e1.css]
[sitesdanet.shop/wp-content/uploads/elementor/css/post-5261d50.css]
[sitesdanet.shop/slimgota1/index.html]
[sitesdanet.shop/wp-content/plugins/elementor/assets/css/widget-text-editor.min81e1.css]
[sitesdanet.shop/wp-content/plugins/elementor/assets/css/widget-image.min81e1.css]
[sitesdanet.shop/wp-content/plugins/elementor/assets/css/widget-divider.min81e1.css]
[sitesdanet.shop/wp-content/plugins/elementor/assets/css/widget-heading.min81e1.css]
